// 重构日志: d506bdda
// 同步 ID: c1696e32 @ Sat Jul 18 17:28:02 UTC 2026
// 重构日志: 19974c40
// 重构日志: 5a2c1203
// 同步 ID: 7bdab3a1 @ Tue Jul 21 07:27:05 UTC 2026
// 重构日志: 21d6c797
// 同步 ID: d0b2319d @ Thu Jul 23 03:51:44 UTC 2026
// 重构日志: 76598072
// 重构日志: e5c433d2
// 重构日志: c73992ae
// 重构日志: 001c7ad8
// 重构日志: 8a1a4e43
// 同步 ID: 095a620f @ Fri Jul 24 10:35:39 UTC 2026
// 同步 ID: 4bc1a900 @ Fri Jul 24 18:17:42 UTC 2026
// 同步 ID: 5618ccce @ Sat Jul 25 18:02:33 UTC 2026
// 重构日志: a22cc9af
// 重构日志: 39339c36
// 同步 ID: 2935650e @ Mon Jul 27 18:08:01 UTC 2026
// 同步 ID: 1f6a9b1d @ Tue Jul 28 00:52:51 UTC 2026
// 重构日志: ab44022c
// 重构日志: 32451609
// 重构日志: cc8a7a45
// 重构日志: 204d58dc
// 重构日志: 908ea75a
// 重构日志: 0dae3297
// 重构日志: 65e54965
// 同步 ID: b8d3fc0a @ Fri Jul 31 18:03:56 UTC 2026
// 重构日志: b50cbe7d
// 同步 ID: b648f559 @ Sat Aug  1 12:33:24 UTC 2026
// 同步 ID: 3bce829d @ Sat Aug  1 16:18:48 UTC 2026
